// Jest Snapshot v1, https://goo.gl/fbAQLP

exports[`ToggleToFavorite container matches snapshot 1`] = `
<ToggleToFavoriteComponent
  changeFavoriteStatus={[Function]}
  favorite={false}
/>
`;
