// Jest Snapshot v1, https://goo.gl/fbAQLP

exports[`RemoveFromWatchlistModal container matches snapshot 1`] = `
<RemoveFromWatchlistModalComponent
  hideModal={[Function]}
  modalVisible={false}
  removeFromWatchlist={[Function]}
  showModal={[Function]}
  title="Mock title"
/>
`;
