// Jest Snapshot v1, https://goo.gl/fbAQLP

exports[`ToggleToWatchlist container matches snapshot 1`] = `
<ToggleToWatchlistComponent
  changeWatchlistStatus={[Function]}
  watchlist={false}
/>
`;
